// Jest Snapshot v1, https://goo.gl/fbAQLP

exports[`api testing fetchEmployee returns id 1 1`] = `
Object {
  "controls": Array [
    2,
    3,
  ],
  "id": 1,
  "name": "Doug Lime",
}
`;

exports[`api testing fetchEmployees 1`] = `
Array [
  Object {
    "controls": Array [
      2,
      3,
    ],
    "id": 1,
    "name": "Doug Lime",
  },
  Object {
    "controls": Array [
      4,
      5,
      6,
    ],
    "id": 2,
    "name": "Lin Cheng",
  },
  Object {
    "controls": Array [
      7,
      8,
      9,
    ],
    "id": 3,
    "name": "Bob Welp",
  },
  Object {
    "controls": Array [],
    "id": 4,
    "name": "Dakota Stein",
  },
  Object {
    "controls": Array [],
    "id": 5,
    "name": "Mongo K",
  },
  Object {
    "controls": Array [],
    "id": 6,
    "name": "Dew Dong",
  },
  Object {
    "controls": Array [],
    "id": 7,
    "name": "Mort Dog",
  },
  Object {
    "controls": Array [],
    "id": 8,
    "name": "Forman Go",
  },
  Object {
    "controls": Array [],
    "id": 9,
    "name": "Dew Kelg",
  },
]
`;
